Microchip MPLAB XC8 Compiler V2.31

Linker command line:

-W-3 --edf=C:\Program Files\Microchip\xc8\v2.31\pic\dat\en_msgs.txt -cn \
  -h+dist/default/production\Embedded_Testing_Terminal.X.production.sym \
  --cmf=dist/default/production\Embedded_Testing_Terminal.X.production.cmf \
  -z -Q18F47K42 -oC:\Users\VICTOR~1\AppData\Local\Temp\sjgk.2 \
  --defsym=__MPLAB_BUILD=1 \
  -Mdist/default/production/Embedded_Testing_Terminal.X.production.map -E1 \
  -ver=XC8 Compiler --acfsm=1493 -ASTACK=01E7h-01BAAh -pstack=STACK \
  -ACODE=00h-01FFFFh -ACONST=00h-01FFFFh -ASMALLCONST=02000h-020FFhx480 \
  -AMEDIUMCONST=02000h-0FFFFh,012000h-01FFFFh -ACOMRAM=01h-05Fh \
  -AABS1=00h-01FFFh -ABIGRAM=01h-01FFFh -ARAM=060h-0FFh,0100h-01FFhx31 \
  -ABANK0=060h-0FFh -ABANK1=0100h-01FFh -ABANK2=0200h-02FFh \
  -ABANK3=0300h-03FFh -ABANK4=0400h-04FFh -ABANK5=0500h-05FFh \
  -ABANK6=0600h-06FFh -ABANK7=0700h-07FFh -ABANK8=0800h-08FFh \
  -ABANK9=0900h-09FFh -ABANK10=0A00h-0AFFh -ABANK11=0B00h-0BFFh \
  -ABANK12=0C00h-0CFFh -ABANK13=0D00h-0DFFh -ABANK14=0E00h-0EFFh \
  -ABANK15=0F00h-0FFFh -ABANK16=01000h-010FFh -ABANK17=01100h-011FFh \
  -ABANK18=01200h-012FFh -ABANK19=01300h-013FFh -ABANK20=01400h-014FFh \
  -ABANK21=01500h-015FFh -ABANK22=01600h-016FFh -ABANK23=01700h-017FFh \
  -ABANK24=01800h-018FFh -ABANK25=01900h-019FFh -ABANK26=01A00h-01AFFh \
  -ABANK27=01B00h-01BFFh -ABANK28=01C00h-01CFFh -ABANK29=01D00h-01DFFh \
  -ABANK30=01E00h-01EFFh -ABANK31=01F00h-01FFFh \
  -ASFR=03800h-038FFhx7,03F00h-03F5Fh,03F60h-03FFFh \
  -ACONFIG=0300000h-0300009h -AIDLOC=0200000h-020000Fh \
  -AEEDATA=0310000h-03103FFh -peeprom_data=EEDATA -preset_vec=00h \
  -ppowerup=CODE,init -pramtop=02000h -psmallconst=SMALLCONST \
  -pmediumconst=MEDIUMCONST -pconst=CONST -AFARRAM=00h-00h \
  -prdata=COMRAM,nvrram=COMRAM,nvbit=COMRAM,rbss=COMRAM,rbit=COMRAM \
  -pfarbss=FARRAM,fardata=FARRAM,nvFARRAM=FARRAM \
  -pintsave_regs=BIGRAM,bigbss=BIGRAM,bigdata=BIGRAM -pbss=RAM \
  -pidata=CODE,irdata=CODE,ibigdata=CODE,ifardata=CODE -prparam=COMRAM \
  C:\Users\VICTOR~1\AppData\Local\Temp\sjgk.o \
  dist/default/production\Embedded_Testing_Terminal.X.production.o 

Object code version is 3.11

Machine type is 18F47K42



                Name                               Link     Load   Length Selector   Space Scale
C:\Users\VICTOR~1\AppData\Local\Temp\sjgk.o
                idloc                            200000   200000       10        0       5
                config                           300000   300000        A        0       4
                init                              1FFFC    1FFFC        4     FFFE       0
                reset_vec                             0        0        4        0       0
dist/default/production\Embedded_Testing_Terminal.X.production.o
                idloc                            200000   200000       10        0       5
                config                           300000   300000        A        0       4
                mediumconst                        FBDC     FBDC      424     7DEE       0
                text127                           1A698    1A698       22     8000       0
                text126                           1A47E    1A47E       40     8000       0
                text125                           1A0DE    1A0DE       5A     8000       0
                text124                           1A676    1A676       22     8000       0
                text123                           19D5A    19D5A       6C     8000       0
                text122                           19B10    19B10       7A     8000       0
                text121                           1A3B2    1A3B2       48     8000       0
                text120                           1A71E    1A71E       16     8000       0
                text119                           19352    19352       A6     8000       0
                text118                           1A138    1A138       58     8000       0
                text117                           19CE8    19CE8       72     8000       0
                text116                           19A96    19A96       7A     8000       0
                text115                           18658    18658       DE     8000       0
                text114                           1988A    1988A       88     8000       0
                text113                           172F0    172F0      188     8000       0
                text112                           1775E    1775E      164     8000       0
                text111                           1A43E    1A43E       40     8000       0
                text110                           1A7D0    1A7D0        2     8000       0
                text109                           18A9E    18A9E       D8     8000       0
                text108                           1A3FA    1A3FA       44     8000       0
                text107                           19126    19126       C6     8000       0
                text106                           15A44    15A44      2E4     8000       0
                text105                           16896    16896      214     8000       0
                text104                           19E30    19E30       6A     8000       0
                text103                           1A236    1A236       52     8000       0
                text102                           188EC    188EC       DA     8000       0
                text101                           16C70    16C70      1B2     8000       0
                text100                           15704    15704      340     8000       0
                text99                            18192    18192      10C     8000       0
                text98                            17CC4    17CC4      148     8000       0
                text97                            18D22    18D22       D6     8000       0
                text96                            18812    18812       DA     8000       0
                text95                            19774    19774       8E     8000       0
                text94                            18C4C    18C4C       D6     8000       0
                text93                            18B76    18B76       D6     8000       0
                text92                            196E6    196E6       8E     8000       0
                text91                            18736    18736       DC     8000       0
                text90                            17B7A    17B7A      14A     8000       0
                text89                            19658    19658       8E     8000       0
                text88                            1A5D0    1A5D0       32     8000       0
                text87                            1A62C    1A62C       26     8000       0
                text86                            1A780    1A780       10     8000       0
                text85                            1A770    1A770       10     8000       0
                text84                            1A602    1A602       2A     8000       0
                text83                            1A532    1A532       38     8000       0
                text82                            1A1E4    1A1E4       52     8000       0
                text81                            16FC2    16FC2      19E     8000       0
                text80                            18ECC    18ECC       CC     8000       0
                text79                            193F8    193F8       A4     8000       0
                text78                            1A4BE    1A4BE       3C     8000       0
                text77                            19532    19532       94     8000       0
                text76                            18570    18570       E8     8000       0
                text75                            1A7BA    1A7BA        8     8000       0
                text74                            1A7B2    1A7B2        8     8000       0
                text73                            1A652    1A652       24     8000       0
                text72                            1A084    1A084       5A     8000       0
                text71                            14176    14176      48C     8000       0
                text70                            19EFE    19EFE       64     8000       0
                text69                            17160    17160      190     8000       0
                text68                            14ECC    14ECC      456     8000       0
                text67                            1A7C2    1A7C2        6     8000       0
                text66                            17F3C    17F3C      130     8000       0
                text65                            19C74    19C74       74     8000       0
                text64                            12574    12574      69E     8000       0
                text63                            17E0C    17E0C      130     8000       0
                text62                            19C00    19C00       74     8000       0
                text61                            16AAA    16AAA      1C6     8000       0
                text60                            18DF8    18DF8       D4     8000       0
                text59                            178C2    178C2      160     8000       0
                text58                            19FC4    19FC4       62     8000       0
                text57                            19DC6    19DC6       6A     8000       0
                text56                            11DB6    11DB6      7BE     8000       0
                text55                            1A190    1A190       54     8000       0
                text54                            1A706    1A706       18     8000       0
                text53                            1A7CC    1A7CC        4     8000       0
                text52                            1A7C8    1A7C8        4     8000       0
                text51                            19A1A    19A1A       7C     8000       0
                text50                            17478    17478      178     8000       0
                text49                            191EC    191EC       BC     8000       0
                text48                            10000    10000      D4E     8000       0
                text47                            18488    18488       E8     8000       0
                text46                            14A70    14A70      45C     8000       0
                text45                            19996    19996       84     8000       0
                text44                            1A56A    1A56A       34     8000       0
                text43                            131E2    131E2      570     8000       0
                text42                            12C12    12C12      5D0     8000       0
                text41                            189C6    189C6       D8     8000       0
                text40                            1A4FA    1A4FA       38     8000       0
                text39                            17A22    17A22      158     8000       0
                text38                            14602    14602      46E     8000       0
                text37                            15322    15322      3E2     8000       0
                text36                            175F0    175F0      16E     8000       0
                text35                            19F62    19F62       62     8000       0
                text34                            1829E    1829E       FA     8000       0
                text33                            19B8A    19B8A       76     8000       0
                text32                            1A7A8    1A7A8        A     8000       0
                text31                            1A79E    1A79E        A     8000       0
                text30                            13CBE    13CBE      4B8     8000       0
                text29                            16E22    16E22      1A0     8000       0
                text28                            19912    19912       84     8000       0
                text27                            15D28    15D28      2BA     8000       0
                text26                            15FE2    15FE2      23A     8000       0
                text25                            1A288    1A288       50     8000       0
                text24                            1158C    1158C      82A     8000       0
                text23                            1A59E    1A59E       32     8000       0
                text22                            16446    16446      22A     8000       0
                text21                            1806C    1806C      126     8000       0
                text20                            1621C    1621C      22A     8000       0
                text19                            10D4E    10D4E      83E     8000       0
                text18                            18398    18398       F0     8000       0
                text17                            1A36A    1A36A       48     8000       0
                text16                            1A2D8    1A2D8       4A     8000       0
                text15                            19802    19802       88     8000       0
                text14                            1A75C    1A75C       14     8000       0
                text13                            1A6D4    1A6D4       1A     8000       0
                text12                            18F98    18F98       C8     8000       0
                text11                            19E9A    19E9A       64     8000       0
                text10                            19060    19060       C6     8000       0
                text9                             1949C    1949C       96     8000       0
                text8                             13752    13752      56C     8000       0
                text7                             1A026    1A026       5E     8000       0
                text6                             16670    16670      226     8000       0
                text5                             195C6    195C6       92     8000       0
                text4                             1A6EE    1A6EE       18     8000       0
                text3                             192A8    192A8       AA     8000       0
                text2                             1A6BA    1A6BA       1A     8000       0
                text1                             1A790    1A790        E     8000       0
                text0                             1A748    1A748       14     8000       0
                cstackCOMRAM                          1        1       5F        1       1
                cstackBANK0                          60       60       A0       60       1
                cstackBANK1                         182      182       51      100       1
                bssBIGRAM                          1BAB     1BAB      455     1BAB       1
                dataBANK1                           1D3      1D3       14      100       1
                bssBANK1                            100      100       82      100       1
                cinit                             1A322    1A322       48     8000       0
                idataBANK1                        1A734    1A734       14     8000       0

TOTAL           Name                               Link     Load   Length     Space
        CLASS   STACK          

        CLASS   CODE           
                init                              1FFFC    1FFFC        4         0
                reset_vec                             0        0        4         0
                text127                           1A698    1A698       22         0
                text126                           1A47E    1A47E       40         0
                text125                           1A0DE    1A0DE       5A         0
                text124                           1A676    1A676       22         0
                text123                           19D5A    19D5A       6C         0
                text122                           19B10    19B10       7A         0
                text121                           1A3B2    1A3B2       48         0
                text120                           1A71E    1A71E       16         0
                text119                           19352    19352       A6         0
                text118                           1A138    1A138       58         0
                text117                           19CE8    19CE8       72         0
                text116                           19A96    19A96       7A         0
                text115                           18658    18658       DE         0
                text114                           1988A    1988A       88         0
                text113                           172F0    172F0      188         0
                text112                           1775E    1775E      164         0
                text111                           1A43E    1A43E       40         0
                text110                           1A7D0    1A7D0        2         0
                text109                           18A9E    18A9E       D8         0
                text108                           1A3FA    1A3FA       44         0
                text107                           19126    19126       C6         0
                text106                           15A44    15A44      2E4         0
                text105                           16896    16896      214         0
                text104                           19E30    19E30       6A         0
                text103                           1A236    1A236       52         0
                text102                           188EC    188EC       DA         0
                text101                           16C70    16C70      1B2         0
                text100                           15704    15704      340         0
                text99                            18192    18192      10C         0
                text98                            17CC4    17CC4      148         0
                text97                            18D22    18D22       D6         0
                text96                            18812    18812       DA         0
                text95                            19774    19774       8E         0
                text94                            18C4C    18C4C       D6         0
                text93                            18B76    18B76       D6         0
                text92                            196E6    196E6       8E         0
                text91                            18736    18736       DC         0
                text90                            17B7A    17B7A      14A         0
                text89                            19658    19658       8E         0
                text88                            1A5D0    1A5D0       32         0
                text87                            1A62C    1A62C       26         0
                text86                            1A780    1A780       10         0
                text85                            1A770    1A770       10         0
                text84                            1A602    1A602       2A         0
                text83                            1A532    1A532       38         0
                text82                            1A1E4    1A1E4       52         0
                text81                            16FC2    16FC2      19E         0
                text80                            18ECC    18ECC       CC         0
                text79                            193F8    193F8       A4         0
                text78                            1A4BE    1A4BE       3C         0
                text77                            19532    19532       94         0
                text76                            18570    18570       E8         0
                text75                            1A7BA    1A7BA        8         0
                text74                            1A7B2    1A7B2        8         0
                text73                            1A652    1A652       24         0
                text72                            1A084    1A084       5A         0
                text71                            14176    14176      48C         0
                text70                            19EFE    19EFE       64         0
                text69                            17160    17160      190         0
                text68                            14ECC    14ECC      456         0
                text67                            1A7C2    1A7C2        6         0
                text66                            17F3C    17F3C      130         0
                text65                            19C74    19C74       74         0
                text64                            12574    12574      69E         0
                text63                            17E0C    17E0C      130         0
                text62                            19C00    19C00       74         0
                text61                            16AAA    16AAA      1C6         0
                text60                            18DF8    18DF8       D4         0
                text59                            178C2    178C2      160         0
                text58                            19FC4    19FC4       62         0
                text57                            19DC6    19DC6       6A         0
                text56                            11DB6    11DB6      7BE         0
                text55                            1A190    1A190       54         0
                text54                            1A706    1A706       18         0
                text53                            1A7CC    1A7CC        4         0
                text52                            1A7C8    1A7C8        4         0
                text51                            19A1A    19A1A       7C         0
                text50                            17478    17478      178         0
                text49                            191EC    191EC       BC         0
                text48                            10000    10000      D4E         0
                text47                            18488    18488       E8         0
                text46                            14A70    14A70      45C         0
                text45                            19996    19996       84         0
                text44                            1A56A    1A56A       34         0
                text43                            131E2    131E2      570         0
                text42                            12C12    12C12      5D0         0
                text41                            189C6    189C6       D8         0
                text40                            1A4FA    1A4FA       38         0
                text39                            17A22    17A22      158         0
                text38                            14602    14602      46E         0
                text37                            15322    15322      3E2         0
                text36                            175F0    175F0      16E         0
                text35                            19F62    19F62       62         0
                text34                            1829E    1829E       FA         0
                text33                            19B8A    19B8A       76         0
                text32                            1A7A8    1A7A8        A         0
                text31                            1A79E    1A79E        A         0
                text30                            13CBE    13CBE      4B8         0
                text29                            16E22    16E22      1A0         0
                text28                            19912    19912       84         0
                text27                            15D28    15D28      2BA         0
                text26                            15FE2    15FE2      23A         0
                text25                            1A288    1A288       50         0
                text24                            1158C    1158C      82A         0
                text23                            1A59E    1A59E       32         0
                text22                            16446    16446      22A         0
                text21                            1806C    1806C      126         0
                text20                            1621C    1621C      22A         0
                text19                            10D4E    10D4E      83E         0
                text18                            18398    18398       F0         0
                text17                            1A36A    1A36A       48         0
                text16                            1A2D8    1A2D8       4A         0
                text15                            19802    19802       88         0
                text14                            1A75C    1A75C       14         0
                text13                            1A6D4    1A6D4       1A         0
                text12                            18F98    18F98       C8         0
                text11                            19E9A    19E9A       64         0
                text10                            19060    19060       C6         0
                text9                             1949C    1949C       96         0
                text8                             13752    13752      56C         0
                text7                             1A026    1A026       5E         0
                text6                             16670    16670      226         0
                text5                             195C6    195C6       92         0
                text4                             1A6EE    1A6EE       18         0
                text3                             192A8    192A8       AA         0
                text2                             1A6BA    1A6BA       1A         0
                text1                             1A790    1A790        E         0
                text0                             1A748    1A748       14         0
                cinit                             1A322    1A322       48         0
                idataBANK1                        1A734    1A734       14         0

        CLASS   CONST          

        CLASS   SMALLCONST     

        CLASS   MEDIUMCONST    
                mediumconst                        FBDC     FBDC      424         0

        CLASS   COMRAM         
                cstackCOMRAM                          1        1       5F         1

        CLASS   ABS1           

        CLASS   BIGRAM         
                bssBIGRAM                          1BAB     1BAB      455         1

        CLASS   RAM            

        CLASS   BANK0          
                cstackBANK0                          60       60       A0         1

        CLASS   BANK1          
                cstackBANK1                         182      182       51         1
                dataBANK1                           1D3      1D3       14         1
                bssBANK1                            100      100       82         1

        CLASS   BANK2          

        CLASS   BANK3          

        CLASS   BANK4          

        CLASS   BANK5          

        CLASS   BANK6          

        CLASS   BANK7          

        CLASS   BANK8          

        CLASS   BANK9          

        CLASS   BANK10         

        CLASS   BANK11         

        CLASS   BANK12         

        CLASS   BANK13         

        CLASS   BANK14         

        CLASS   BANK15         

        CLASS   BANK16         

        CLASS   BANK17         

        CLASS   BANK18         

        CLASS   BANK19         

        CLASS   BANK20         

        CLASS   BANK21         

        CLASS   BANK22         

        CLASS   BANK23         

        CLASS   BANK24         

        CLASS   BANK25         

        CLASS   BANK26         

        CLASS   BANK27         

        CLASS   BANK28         

        CLASS   BANK29         

        CLASS   BANK30         

        CLASS   BANK31         

        CLASS   SFR            

        CLASS   CONFIG         
                config                           300000   300000        A         4

        CLASS   IDLOC          
                idloc                            200000   200000       10         5

        CLASS   EEDATA         

        CLASS   FARRAM         



SEGMENTS        Name                           Load    Length   Top    Selector   Space  Class

                reset_vec                      000000  000004  000004         0       0  CODE    
                cstackCOMRAM                   000001  00005F  000060         1       1  COMRAM  
                cstackBANK0                    000060  0000A0  000100        60       1  BANK0   
                bssBANK1                       000100  0000E7  0001E7       100       1  BANK1   
                bssBIGRAM                      001BAB  000455  002000      1BAB       1  BIGRAM  
                mediumconst                    00FBDC  000424  010000      7DEE       0  MEDIUMCO
                text48                         010000  00A7D2  01A7D2      8000       0  CODE    
                init                           01FFFC  000004  020000      FFFE       0  CODE    


UNUSED ADDRESS RANGES

        Name                Unused          Largest block    Delta
        BANK1            0001E7-0001FF               19
        BANK10           000A00-000AFF              100
        BANK11           000B00-000BFF              100
        BANK12           000C00-000CFF              100
        BANK13           000D00-000DFF              100
        BANK14           000E00-000EFF              100
        BANK15           000F00-000FFF              100
        BANK16           001000-0010FF              100
        BANK17           001100-0011FF              100
        BANK18           001200-0012FF              100
        BANK19           001300-0013FF              100
        BANK2            000200-0002FF              100
        BANK20           001400-0014FF              100
        BANK21           001500-0015FF              100
        BANK22           001600-0016FF              100
        BANK23           001700-0017FF              100
        BANK24           001800-0018FF              100
        BANK25           001900-0019FF              100
        BANK26           001A00-001AFF              100
        BANK27           001B00-001BAA               AB
        BANK3            000300-0003FF              100
        BANK4            000400-0004FF              100
        BANK5            000500-0005FF              100
        BANK6            000600-0006FF              100
        BANK7            000700-0007FF              100
        BANK8            000800-0008FF              100
        BANK9            000900-0009FF              100
        BIGRAM           0001E7-001BAA             19C4
        CODE             000004-00FBDB             FBD8
                         01A7D2-01FFFB             582A
        CONST            000004-00FBDB             FBD8
                         01A7D2-01FFFB             582A
        EEDATA           310000-3103FF              400
        MEDIUMCONST      002000-00FBDB             DBDC
                         01A7D2-01FFFB             582A
        RAM              0001E7-001BAA              100
        SFR              003800-003FFF              100
        SMALLCONST       002000-00FBDB              100
                         01A7D2-01FFFB              100
        STACK            0001E7-001BAA             19C4

                                  Symbol Table

?_Auto_Boud_Setup                         cstackCOMRAM 000007
?_Number_Select                           cstackBANK0  00006E
?_SD_SendCmd                              cstackCOMRAM 00000C
?_Toggle_Select                           cstackBANK0  00006A
?___aldiv                                 cstackCOMRAM 000001
?___aodiv                                 cstackCOMRAM 000001
?___aomod                                 cstackCOMRAM 000001
?___lldiv                                 cstackCOMRAM 000001
?___lmul                                  cstackCOMRAM 000001
?___wmul                                  cstackCOMRAM 000001
?_abs                                     cstackCOMRAM 000013
?_atoi                                    cstackCOMRAM 000008
?_chk_chr                                 cstackCOMRAM 000001
?_clst2sect                               cstackCOMRAM 00000D
?_create_chain                            cstackBANK0  000097
?_dbc_1st                                 cstackCOMRAM 000001
?_dbc_2nd                                 cstackCOMRAM 000001
?_dtoa                                    cstackCOMRAM 00001C
?_get_fat                                 cstackBANK0  000076
?_get_ldnumber                            cstackCOMRAM 000001
?_isdigit                                 cstackCOMRAM 000001
?_isspace                                 cstackCOMRAM 000001
?_ld_clust                                cstackCOMRAM 000008
?_ld_dword                                cstackCOMRAM 000001
?_ld_word                                 cstackCOMRAM 000001
?_mem_cmp                                 cstackCOMRAM 000001
?_pad                                     cstackCOMRAM 000011
?_sprintf                                 cstackCOMRAM 000058
?_strlen                                  cstackCOMRAM 000001
?_vfpfcnvrt                               cstackCOMRAM 000040
?_vfprintf                                cstackCOMRAM 000050
Auto_Boud_Setup@i                         cstackCOMRAM 00000A
Auto_Boud_Setup@syncChar                  cstackCOMRAM 000009
Baud_Rate_Settings@autoBaudChar           cstackBANK0  00006A
Command_Write@cmd                         cstackCOMRAM 000001
Data_Write@dat                            cstackCOMRAM 000001
Display_Character@ASCII                   cstackCOMRAM 000005
Display_Character@dat                     cstackCOMRAM 000004
Display_Character@i                       cstackCOMRAM 000006
Display_Message@data                      cstackCOMRAM 00000C
Display_Message@i                         cstackCOMRAM 00000D
Display_Message@message                   cstackCOMRAM 000008
Error_Check@messageInt                    cstackCOMRAM 00001C
Error_Settings@errorcheckChar             cstackBANK0  00006A
GLCD_Clear@cursor                         cstackCOMRAM 000003
GLCD_Clear@line                           cstackCOMRAM 000004
Number_Select@longPress                   cstackBANK0  000078
Number_Select@max                         cstackBANK0  000072
Number_Select@number                      cstackBANK0  00006E
Number_Update@number                      cstackBANK0  00006A
SD_SPI_AsyncReadTasks@SingleBlockRead     bssBANK1     00013D
SD_SPI_AsyncReadTasks@bData               cstackCOMRAM 00002D
SD_SPI_AsyncReadTasks@blockCounter        bssBANK1     000135
SD_SPI_AsyncReadTasks@info                cstackCOMRAM 000022
SD_SPI_AsyncReadTasks@longTimeoutCounter  bssBANK1     00011D
SD_SPI_AsyncReadTasks@response            cstackCOMRAM 000028
SD_SPI_AsyncWriteTasks@WriteTimeout       bssBANK1     000119
SD_SPI_AsyncWriteTasks@blockCounter       bssBANK1     000133
SD_SPI_AsyncWriteTasks@command            bssBANK1     00013B
SD_SPI_AsyncWriteTasks@data_byte          bssBANK1     00013C
SD_SPI_AsyncWriteTasks@info               cstackCOMRAM 000022
SD_SPI_AsyncWriteTasks@preEraseBlockCount cstackCOMRAM 00002D
SD_SPI_AsyncWriteTasks@response           cstackCOMRAM 000028
SD_SPI_DelayMilliseconds@milliseconds     cstackCOMRAM 000004
SD_SPI_DelayMilliseconds@timeout          cstackCOMRAM 000002
SD_SPI_MediaInitialize@CSDResponse        cstackCOMRAM 00002D
SD_SPI_MediaInitialize@block_len          cstackCOMRAM 000047
SD_SPI_MediaInitialize@c_size             cstackCOMRAM 000049
SD_SPI_MediaInitialize@c_size_mult        cstackCOMRAM 000045
SD_SPI_MediaInitialize@count              cstackCOMRAM 000048
SD_SPI_MediaInitialize@index              cstackCOMRAM 000046
SD_SPI_MediaInitialize@response           cstackCOMRAM 00004D
SD_SPI_MediaInitialize@timeout            cstackCOMRAM 000052
SD_SPI_SectorRead@buffer                  cstackCOMRAM 000032
SD_SPI_SectorRead@i                       cstackCOMRAM 00003A
SD_SPI_SectorRead@info                    cstackCOMRAM 00003C
SD_SPI_SectorRead@result                  cstackCOMRAM 000038
SD_SPI_SectorRead@sector_address          cstackCOMRAM 00002E
SD_SPI_SectorRead@sector_count            cstackCOMRAM 000034
SD_SPI_SectorRead@status                  cstackCOMRAM 000039
SD_SPI_SectorWrite@buffer                 cstackCOMRAM 000035
SD_SPI_SectorWrite@i                      cstackCOMRAM 00003D
SD_SPI_SectorWrite@info                   cstackCOMRAM 00003F
SD_SPI_SectorWrite@result                 cstackCOMRAM 00003B
SD_SPI_SectorWrite@sector_address         cstackCOMRAM 000031
SD_SPI_SectorWrite@sector_count           cstackCOMRAM 000037
SD_SPI_SectorWrite@status                 cstackCOMRAM 00003C
SD_SendCmd@address                        cstackCOMRAM 00000C
SD_SendCmd@address_bytes                  cstackCOMRAM 000016
SD_SendCmd@cmd                            cstackCOMRAM 00001C
SD_SendCmd@longTimeout                    cstackCOMRAM 000012
SD_SendCmd@response                       cstackCOMRAM 00001D
SD_SendCmd@timeout                        cstackCOMRAM 00001A
SPI1_ExchangeBlock@block                  cstackCOMRAM 000001
SPI1_ExchangeBlock@blockSize              cstackCOMRAM 000003
SPI1_ExchangeBlock@data                   cstackCOMRAM 000005
SPI1_ExchangeByte@data                    cstackCOMRAM 000001
SPI1_Open@spi1UniqueConfiguration         cstackCOMRAM 000002
Save_Data@F16661                          dataBANK1    0001E0
Save_Data@actualLength                    cstackBANK0  0000F8
Save_Data@newLine                         cstackBANK0  0000F5
Select_Page@select                        cstackCOMRAM 000001
Toggle_Select@Char                        cstackBANK0  00006F
Toggle_Select@line                        cstackBANK0  00006C
Toggle_Select@number                      cstackBANK0  00006A
Transmission_Settings@ContinuousChar      cstackBANK0  00006A
Transmission_Settings@SDloggingChar       cstackBANK0  00006B
UART1_Initialize@autoBaud                 cstackCOMRAM 000005
UART1_Initialize@baudRate                 cstackCOMRAM 000001
UART_Check_Comm_Start@message             cstackCOMRAM 000001
UART_Check_Command@i                      cstackBANK1  0001CD
UART_Check_Command@message                cstackBANK1  0001CC
UART_Command_Mapper@message               cstackBANK0  0000FF
UART_Cursor@position                      cstackCOMRAM 000002
UART_Line@line                            cstackCOMRAM 000002
UART_Message@i                            cstackBANK1  0001C7
UART_Message@message                      cstackBANK1  0001C9
UART_Page@page                            cstackCOMRAM 000004
UART_Print@line                           cstackBANK0  0000FF
_ANSELA                                   (abs)        003A40
_ANSELB                                   (abs)        003A50
_ANSELC                                   (abs)        003A60
_ANSELD                                   (abs)        003A70
_ANSELE                                   (abs)        003A80
_Auto_Boud                                text115      018658
_Auto_Boud_Setup                          text119      019352
_Baud_Rate_Settings                       text102      0188EC
_Baud_rate_Change                         text98       017CC4
_Baud_rate_Change$3996                    cstackBANK0  00007A
_Character_map                            mediumconst  00FBDD
_Command_Write                            text127      01A698
_Command_map                              mediumconst  00FED3
_Continous_Transmission_Length            text97       018D22
_ContinuousTransmission                   bssBANK1     00012D
_CurrVol                                  bssBANK1     00013E
_Cursor_Position                          text6        016670
_Cursor_delete                            text122      019B10
_Cursor_drawing                           text114      01988A
_Data_Write                               text124      01A676
_Display_Character                        text123      019D5A
_Display_Message                          text117      019CE8
_Error_Check                              text80       018ECC
_Error_Settings                           text96       018812
_Error_select_range                       text95       019774
_ExCvt                                    mediumconst  00FDB8
_FatFs                                    bssBANK1     000139
_Fsid                                     bssBANK1     000137
_GLCD_Clear                               text116      019A96
_GLCD_Initialise                          text125      01A0DE
_INLVLA                                   (abs)        003A44
_INLVLB                                   (abs)        003A54
_INLVLC                                   (abs)        003A64
_INLVLD                                   (abs)        003A74
_INLVLE                                   (abs)        003A84
_LATA                                     (abs)        003FBA
_LATAbits                                 (abs)        003FBA
_LATB                                     (abs)        003FBB
_LATC                                     (abs)        003FBC
_LATD                                     (abs)        003FBD
_LATE                                     (abs)        003FBE
_Logging_Check                            text16       01A2D8
_Maximum_Error_Select                     text94       018C4C
_Menu                                     text5        0195C6
_Menu_Logic                               text8        013752
_Minimum_Error_Select                     text93       018B76
_Number_Select                            text100      015704
_Number_Update                            text101      016C70
_ODCONA                                   (abs)        003A42
_ODCONB                                   (abs)        003A52
_ODCONC                                   (abs)        003A62
_ODCOND                                   (abs)        003A72
_ODCONE                                   (abs)        003A82
_OSCCON1                                  (abs)        0039D9
_OSCCON3                                  (abs)        0039DB
_OSCEN                                    (abs)        0039DD
_OSCFRQ                                   (abs)        0039DF
_OSCILLATOR_Initialize                    text4        01A6EE
_OSCTUNE                                  (abs)        0039DE
_PIN_MANAGER_Initialize                   text3        0192A8
_PIR2bits                                 (abs)        0039A2
_PIR3bits                                 (abs)        0039A3
_PORTAbits                                (abs)        003FCA
_PORTBbits                                (abs)        003FCB
_PORTD                                    (abs)        003FCD
_RB1I2C                                   (abs)        003A5A
_RB2I2C                                   (abs)        003A5B
_RC3I2C                                   (abs)        003A6A
_RC3PPS                                   (abs)        003A13
_RC4I2C                                   (abs)        003A6B
_RC5PPS                                   (abs)        003A15
_RD0I2C                                   (abs)        003A7A
_RD1I2C                                   (abs)        003A7B
_SDFAST_open                              text74       01A7B2
_SDSLOW_open                              text75       01A7BA
_SD_SPI_AsyncReadTasks                    text68       014ECC
_SD_SPI_AsyncWriteTasks                   text64       012574
_SD_SPI_DelayMilliseconds                 text58       019FC4
_SD_SPI_IsMediaInitialized                text54       01A706
_SD_SPI_IsMediaPresent                    text53       01A7CC
_SD_SPI_IsWriteProtected                  text52       01A7C8
_SD_SPI_MediaInitialize                   text56       011DB6
_SD_SPI_MediaInitialize$3995              cstackCOMRAM 000041
_SD_SPI_SectorRead                        text66       017F3C
_SD_SPI_SectorWrite                       text63       017E0C
_SD_SendCmd                               text71       014176
_SDlog                                    bssBANK1     00012F
_SLRCONA                                  (abs)        003A43
_SLRCONB                                  (abs)        003A53
_SLRCONC                                  (abs)        003A63
_SLRCOND                                  (abs)        003A73
_SLRCONE                                  (abs)        003A83
_SPI1BAUD                                 (abs)        003D19
_SPI1CLK                                  (abs)        003D1C
_SPI1CON0                                 (abs)        003D14
_SPI1CON0bits                             (abs)        003D14
_SPI1CON1                                 (abs)        003D15
_SPI1CON2                                 (abs)        003D16
_SPI1RXB                                  (abs)        003D10
_SPI1SCKPPS                               (abs)        003ADE
_SPI1SDIPPS                               (abs)        003ADF
_SPI1TCNTL                                (abs)        003D12
_SPI1TXB                                  (abs)        003D11
_SPI1_Close                               text67       01A7C2
_SPI1_ExchangeBlock                       text70       019EFE
_SPI1_ExchangeByte                        text73       01A652
_SPI1_Initialize                          text2        01A6BA
_SPI1_Open                                text76       018570
_SPI1_ReadBlock                           (abs)        000000
_SPI1_ReadByte                            (abs)        000000
_SPI1_WriteBlock                          (abs)        000000
_SPI1_WriteByte                           (abs)        000000
_SYSTEM_Initialize                        text1        01A790
_Save_Data                                text18       018398
_Select_Page                              text126      01A47E
_Settings_Menu                            text92       0196E6
_TRISA                                    (abs)        003FC2
_TRISB                                    (abs)        003FC3
_TRISC                                    (abs)        003FC4
_TRISCbits                                (abs)        003FC4
_TRISD                                    (abs)        003FC5
_TRISE                                    (abs)        003FC6
_Toggle_Select                            text91       018736
_Transmission_Settings                    text90       017B7A
_U1BRGH                                   (abs)        003DF6
_U1BRGL                                   (abs)        003DF5
_U1CON0                                   (abs)        003DF2
_U1CON1                                   (abs)        003DF3
_U1RXB                                    (abs)        003DE8
_U1RXPPS                                  (abs)        003AE5
_UART1_Initialize                         text121      01A3B2
_UART1_Read                               text120      01A71E
_UART_Check_Comm_Start                    text88       01A5D0
_UART_Check_Command                       text11       019E9A
_UART_Clear_Line                          text87       01A62C
_UART_Command_Mapper                      text12       018F98
_UART_Cursor                              text86       01A780
_UART_Line                                text85       01A770
_UART_Message                             text15       019802
_UART_Message_Lenght                      text14       01A75C
_UART_Page                                text13       01A6D4
_UART_Print                               text10       019060
_UART_Settings                            text89       019658
_UART_Start                               text9        01949C
_WPUA                                     (abs)        003A41
_WPUB                                     (abs)        003A51
_WPUC                                     (abs)        003A61
_WPUD                                     (abs)        003A71
_WPUE                                     (abs)        003A81
__HRAM                                    (abs)        000000
__Habs1                                   abs1         000000
__Hbank0                                  bank0        000000
__Hbank1                                  bank1        000000
__Hbank10                                 bank10       000000
__Hbank11                                 bank11       000000
__Hbank12                                 bank12       000000
__Hbank13                                 bank13       000000
__Hbank14                                 bank14       000000
__Hbank15                                 bank15       000000
__Hbank16                                 bank16       000000
__Hbank17                                 bank17       000000
__Hbank18                                 bank18       000000
__Hbank19                                 bank19       000000
__Hbank2                                  bank2        000000
__Hbank20                                 bank20       000000
__Hbank21                                 bank21       000000
__Hbank22                                 bank22       000000
__Hbank23                                 bank23       000000
__Hbank24                                 bank24       000000
__Hbank25                                 bank25       000000
__Hbank26                                 bank26       000000
__Hbank27                                 bank27       000000
__Hbank28                                 bank28       000000
__Hbank29                                 bank29       000000
__Hbank3                                  bank3        000000
__Hbank30                                 bank30       000000
__Hbank31                                 bank31       000000
__Hbank4                                  bank4        000000
__Hbank5                                  bank5        000000
__Hbank6                                  bank6        000000
__Hbank7                                  bank7        000000
__Hbank8                                  bank8        000000
__Hbank9                                  bank9        000000
__Hbigbss                                 bigbss       000000
__Hbigdata                                bigdata      000000
__Hbigram                                 bigram       000000
__Hbss                                    bss          000000
__HbssBANK1                               bssBANK1     000000
__HbssBIGRAM                              bssBIGRAM    000000
__Hcinit                                  cinit        000000
__Hclrtext                                clrtext      000000
__Hcomram                                 comram       000000
__Hconfig                                 config       30000A
__Hconst                                  const        000000
__HcstackBANK0                            cstackBANK0  000000
__HcstackBANK1                            cstackBANK1  000000
__HcstackCOMRAM                           cstackCOMRAM 000000
__Hdata                                   data         000000
__HdataBANK1                              dataBANK1    000000
__Heeprom_data                            eeprom_data  000000
__Hfarbss                                 farbss       000000
__Hfardata                                fardata      000000
__Hibigdata                               ibigdata     000000
__Hidata                                  idata        000000
__HidataBANK1                             idataBANK1   000000
__Hidloc                                  idloc        200010
__Hifardata                               ifardata     000000
__Hinit                                   init         020000
__Hintsave_regs                           intsave_regs 000000
__Hirdata                                 irdata       000000
__Hmediumconst                            mediumconst  010000
__HnvFARRAM                               nvFARRAM     000000
__Hnvbit                                  nvbit        000000
__Hnvrram                                 nvrram       000000
__Hparam                                  rparam       000000
__Hpowerup                                powerup      000000
__Hram                                    ram          000000
__Hramtop                                 ramtop       002000
__Hrbit                                   rbit         000000
__Hrbss                                   rbss         000000
__Hrdata                                  rdata        000000
__Hreset_vec                              reset_vec    000004
__Hrparam                                 rparam       000000
__Hsfr                                    sfr          000000
__Hsmallconst                             smallconst   000000
__Hspace_0                                (abs)        020000
__Hspace_1                                (abs)        002000
__Hspace_2                                (abs)        000000
__Hspace_4                                (abs)        60000A
__Hstack                                  stack        000000
__Hstruct                                 struct       000000
__Htemp                                   temp         000000
__Htext                                   text         000000
__Htext0                                  text0        000000
__Htext1                                  text1        000000
__Htext10                                 text10       000000
__Htext100                                text100      000000
__Htext101                                text101      000000
__Htext102                                text102      000000
__Htext103                                text103      000000
__Htext104                                text104      000000
__Htext105                                text105      000000
__Htext106                                text106      000000
__Htext107                                text107      000000
__Htext108                                text108      000000
__Htext109                                text109      000000
__Htext11                                 text11       000000
__Htext110                                text110      000000
__Htext111                                text111      000000
__Htext112                                text112      000000
__Htext113                                text113      000000
__Htext114                                text114      000000
__Htext115                                text115      000000
__Htext116                                text116      000000
__Htext117                                text117      000000
__Htext118                                text118      000000
__Htext119                                text119      000000
__Htext12                                 text12       000000
__Htext120                                text120      000000
__Htext121                                text121      000000
__Htext122                                text122      000000
__Htext123                                text123      000000
__Htext124                                text124      000000
__Htext125                                text125      000000
__Htext126                                text126      000000
__Htext127                                text127      000000
__Htext128                                text128      000000
__Htext13                                 text13       000000
__Htext14                                 text14       000000
__Htext15                                 text15       000000
__Htext16                                 text16       000000
__Htext17                                 text17       000000
__Htext18                                 text18       000000
__Htext19                                 text19       000000
__Htext2                                  text2        000000
__Htext20                                 text20       000000
__Htext21                                 text21       000000
__Htext22                                 text22       000000
__Htext23                                 text23       000000
__Htext24                                 text24       000000
__Htext25                                 text25       000000
__Htext26                                 text26       000000
__Htext27                                 text27       000000
__Htext28                                 text28       000000
__Htext29                                 text29       000000
__Htext3                                  text3        000000
__Htext30                                 text30       000000
__Htext31                                 text31       000000
__Htext32                                 text32       000000
__Htext33                                 text33       000000
__Htext34                                 text34       000000
__Htext35                                 text35       000000
__Htext36                                 text36       000000
__Htext37                                 text37       000000
__Htext38                                 text38       000000
__Htext39                                 text39       000000
__Htext4                                  text4        000000
__Htext40                                 text40       000000
__Htext41                                 text41       000000
__Htext42                                 text42       000000
__Htext43                                 text43       000000
__Htext44                                 text44       000000
__Htext45                                 text45       000000
__Htext46                                 text46       000000
__Htext47                                 text47       000000
__Htext48                                 text48       000000
__Htext49                                 text49       000000
__Htext5                                  text5        000000
__Htext50                                 text50       000000
__Htext51                                 text51       000000
__Htext52                                 text52       000000
__Htext53                                 text53       000000
__Htext54                                 text54       000000
__Htext55                                 text55       000000
__Htext56                                 text56       000000
__Htext57                                 text57       000000
__Htext58                                 text58       000000
__Htext59                                 text59       000000
__Htext6                                  text6        000000
__Htext60                                 text60       000000
__Htext61                                 text61       000000
__Htext62                                 text62       000000
__Htext63                                 text63       000000
__Htext64                                 text64       000000
__Htext65                                 text65       000000
__Htext66                                 text66       000000
__Htext67                                 text67       000000
__Htext68                                 text68       000000
__Htext69                                 text69       000000
__Htext7                                  text7        000000
__Htext70                                 text70       000000
__Htext71                                 text71       000000
__Htext72                                 text72       000000
__Htext73                                 text73       000000
__Htext74                                 text74       000000
__Htext75                                 text75       000000
__Htext76                                 text76       000000
__Htext77                                 text77       000000
__Htext78                                 text78       000000
__Htext79                                 text79       000000
__Htext8                                  text8        000000
__Htext80                                 text80       000000
__Htext81                                 text81       000000
__Htext82                                 text82       000000
__Htext83                                 text83       000000
__Htext84                                 text84       000000
__Htext85                                 text85       000000
__Htext86                                 text86       000000
__Htext87                                 text87       000000
__Htext88                                 text88       000000
__Htext89                                 text89       000000
__Htext9                                  text9        000000
__Htext90                                 text90       000000
__Htext91                                 text91       000000
__Htext92                                 text92       000000
__Htext93                                 text93       000000
__Htext94                                 text94       000000
__Htext95                                 text95       000000
__Htext96                                 text96       000000
__Htext97                                 text97       000000
__Htext98                                 text98       000000
__Htext99                                 text99       000000
__LRAM                                    (abs)        000001
__Labs1                                   abs1         000000
__Lbank0                                  bank0        000000
__Lbank1                                  bank1        000000
__Lbank10                                 bank10       000000
__Lbank11                                 bank11       000000
__Lbank12                                 bank12       000000
__Lbank13                                 bank13       000000
__Lbank14                                 bank14       000000
__Lbank15                                 bank15       000000
__Lbank16                                 bank16       000000
__Lbank17                                 bank17       000000
__Lbank18                                 bank18       000000
__Lbank19                                 bank19       000000
__Lbank2                                  bank2        000000
__Lbank20                                 bank20       000000
__Lbank21                                 bank21       000000
__Lbank22                                 bank22       000000
__Lbank23                                 bank23       000000
__Lbank24                                 bank24       000000
__Lbank25                                 bank25       000000
__Lbank26                                 bank26       000000
__Lbank27                                 bank27       000000
__Lbank28                                 bank28       000000
__Lbank29                                 bank29       000000
__Lbank3                                  bank3        000000
__Lbank30                                 bank30       000000
__Lbank31                                 bank31       000000
__Lbank4                                  bank4        000000
__Lbank5                                  bank5        000000
__Lbank6                                  bank6        000000
__Lbank7                                  bank7        000000
__Lbank8                                  bank8        000000
__Lbank9                                  bank9        000000
__Lbigbss                                 bigbss       000000
__Lbigdata                                bigdata      000000
__Lbigram                                 bigram       000000
__Lbss                                    bss          000000
__LbssBANK1                               bssBANK1     000000
__LbssBIGRAM                              bssBIGRAM    000000
__Lcinit                                  cinit        000000
__Lclrtext                                clrtext      000000
__Lcomram                                 comram       000000
__Lconfig                                 config       000000
__Lconst                                  const        000000
__LcstackBANK0                            cstackBANK0  000000
__LcstackBANK1                            cstackBANK1  000000
__LcstackCOMRAM                           cstackCOMRAM 000000
__Ldata                                   data         000000
__LdataBANK1                              dataBANK1    000000
__Leeprom_data                            eeprom_data  000000
__Lfarbss                                 farbss       000000
__Lfardata                                fardata      000000
__Libigdata                               ibigdata     000000
__Lidata                                  idata        000000
__LidataBANK1                             idataBANK1   000000
__Lidloc                                  idloc        000000
__Lifardata                               ifardata     000000
__Linit                                   init         01FFFC
__Lintsave_regs                           intsave_regs 000000
__Lirdata                                 irdata       000000
__Lmediumconst                            mediumconst  00FBDC
__LnvFARRAM                               nvFARRAM     000000
__Lnvbit                                  nvbit        000000
__Lnvrram                                 nvrram       000000
__Lparam                                  rparam       000000
__Lpowerup                                powerup      000000
__Lram                                    ram          000000
__Lramtop                                 ramtop       002000
__Lrbit                                   rbit         000000
__Lrbss                                   rbss         000000
__Lrdata                                  rdata        000000
__Lreset_vec                              reset_vec    000000
__Lrparam                                 rparam       000000
__Lsfr                                    sfr          000000
__Lsmallconst                             smallconst   000000
__Lspace_0                                (abs)        000000
__Lspace_1                                (abs)        000000
__Lspace_2                                (abs)        000000
__Lspace_4                                (abs)        000000
__Lstack                                  stack        000000
__Lstruct                                 struct       000000
__Ltemp                                   temp         000000
__Ltext                                   text         000000
__Ltext0                                  text0        000000
__Ltext1                                  text1        000000
__Ltext10                                 text10       000000
__Ltext100                                text100      000000
__Ltext101                                text101      000000
__Ltext102                                text102      000000
__Ltext103                                text103      000000
__Ltext104                                text104      000000
__Ltext105                                text105      000000
__Ltext106                                text106      000000
__Ltext107                                text107      000000
__Ltext108                                text108      000000
__Ltext109                                text109      000000
__Ltext11                                 text11       000000
__Ltext110                                text110      000000
__Ltext111                                text111      000000
__Ltext112                                text112      000000
__Ltext113                                text113      000000
__Ltext114                                text114      000000
__Ltext115                                text115      000000
__Ltext116                                text116      000000
__Ltext117                                text117      000000
__Ltext118                                text118      000000
__Ltext119                                text119      000000
__Ltext12                                 text12       000000
__Ltext120                                text120      000000
__Ltext121                                text121      000000
__Ltext122                                text122      000000
__Ltext123                                text123      000000
__Ltext124                                text124      000000
__Ltext125                                text125      000000
__Ltext126                                text126      000000
__Ltext127                                text127      000000
__Ltext128                                text128      000000
__Ltext13                                 text13       000000
__Ltext14                                 text14       000000
__Ltext15                                 text15       000000
__Ltext16                                 text16       000000
__Ltext17                                 text17       000000
__Ltext18                                 text18       000000
__Ltext19                                 text19       000000
__Ltext2                                  text2        000000
__Ltext20                                 text20       000000
__Ltext21                                 text21       000000
__Ltext22                                 text22       000000
__Ltext23                                 text23       000000
__Ltext24                                 text24       000000
__Ltext25                                 text25       000000
__Ltext26                                 text26       000000
__Ltext27                                 text27       000000
__Ltext28                                 text28       000000
__Ltext29                                 text29       000000
__Ltext3                                  text3        000000
__Ltext30                                 text30       000000
__Ltext31                                 text31       000000
__Ltext32                                 text32       000000
__Ltext33                                 text33       000000
__Ltext34                                 text34       000000
__Ltext35                                 text35       000000
__Ltext36                                 text36       000000
__Ltext37                                 text37       000000
__Ltext38                                 text38       000000
__Ltext39                                 text39       000000
__Ltext4                                  text4        000000
__Ltext40                                 text40       000000
__Ltext41                                 text41       000000
__Ltext42                                 text42       000000
__Ltext43                                 text43       000000
__Ltext44                                 text44       000000
__Ltext45                                 text45       000000
__Ltext46                                 text46       000000
__Ltext47                                 text47       000000
__Ltext48                                 text48       000000
__Ltext49                                 text49       000000
__Ltext5                                  text5        000000
__Ltext50                                 text50       000000
__Ltext51                                 text51       000000
__Ltext52                                 text52       000000
__Ltext53                                 text53       000000
__Ltext54                                 text54       000000
__Ltext55                                 text55       000000
__Ltext56                                 text56       000000
__Ltext57                                 text57       000000
__Ltext58                                 text58       000000
__Ltext59                                 text59       000000
__Ltext6                                  text6        000000
__Ltext60                                 text60       000000
__Ltext61                                 text61       000000
__Ltext62                                 text62       000000
__Ltext63                                 text63       000000
__Ltext64                                 text64       000000
__Ltext65                                 text65       000000
__Ltext66                                 text66       000000
__Ltext67                                 text67       000000
__Ltext68                                 text68       000000
__Ltext69                                 text69       000000
__Ltext7                                  text7        000000
__Ltext70                                 text70       000000
__Ltext71                                 text71       000000
__Ltext72                                 text72       000000
__Ltext73                                 text73       000000
__Ltext74                                 text74       000000
__Ltext75                                 text75       000000
__Ltext76                                 text76       000000
__Ltext77                                 text77       000000
__Ltext78                                 text78       000000
__Ltext79                                 text79       000000
__Ltext8                                  text8        000000
__Ltext80                                 text80       000000
__Ltext81                                 text81       000000
__Ltext82                                 text82       000000
__Ltext83                                 text83       000000
__Ltext84                                 text84       000000
__Ltext85                                 text85       000000
__Ltext86                                 text86       000000
__Ltext87                                 text87       000000
__Ltext88                                 text88       000000
__Ltext89                                 text89       000000
__Ltext9                                  text9        000000
__Ltext90                                 text90       000000
__Ltext91                                 text91       000000
__Ltext92                                 text92       000000
__Ltext93                                 text93       000000
__Ltext94                                 text94       000000
__Ltext95                                 text95       000000
__Ltext96                                 text96       000000
__Ltext97                                 text97       000000
__Ltext98                                 text98       000000
__Ltext99                                 text99       000000
__S0                                      (abs)        020000
__S1                                      (abs)        002000
__S2                                      (abs)        000000
__S4                                      (abs)        000000
__S5                                      (abs)        000000
___aldiv                                  text99       018192
___aldiv@counter                          cstackCOMRAM 000009
___aldiv@dividend                         cstackCOMRAM 000001
___aldiv@divisor                          cstackCOMRAM 000005
___aldiv@quotient                         cstackCOMRAM 00000B
___aldiv@sign                             cstackCOMRAM 00000A
___aodiv                                  text113      0172F0
___aodiv@counter                          cstackCOMRAM 000011
___aodiv@dividend                         cstackCOMRAM 000001
___aodiv@divisor                          cstackCOMRAM 000009
___aodiv@quotient                         cstackCOMRAM 000013
___aodiv@sign                             cstackCOMRAM 000012
___aomod                                  text112      01775E
___aomod@counter                          cstackCOMRAM 000011
___aomod@dividend                         cstackCOMRAM 000001
___aomod@divisor                          cstackCOMRAM 000009
___aomod@sign                             cstackCOMRAM 000012
___inthi_sp                               stack        000000
___intlo_sp                               stack        000000
___lldiv                                  text79       0193F8
___lldiv@counter                          cstackCOMRAM 00000D
___lldiv@dividend                         cstackCOMRAM 000001
___lldiv@divisor                          cstackCOMRAM 000005
___lldiv@quotient                         cstackCOMRAM 000009
___lmul                                   text57       019DC6
___lmul@multiplicand                      cstackCOMRAM 000005
___lmul@multiplier                        cstackCOMRAM 000001
___lmul@product                           cstackCOMRAM 000009
___param_bank                             (abs)        000000
___rparam_used                            (abs)        000001
___sp                                     stack        000000
___wmul                                   text84       01A602
___wmul@multiplicand                      cstackCOMRAM 000003
___wmul@multiplier                        cstackCOMRAM 000001
___wmul@product                           cstackCOMRAM 000005
__accesstop                               (abs)        000060
__activetblptr                            (abs)        000003
__end_of_Auto_Boud                        text115      018736
__end_of_Auto_Boud_Setup                  text119      0193F8
__end_of_Baud_Rate_Settings               text102      0189C6
__end_of_Baud_rate_Change                 text98       017E0C
__end_of_Character_map                    mediumconst  00FDB8
__end_of_Command_Write                    text127      01A6BA
__end_of_Command_map                      mediumconst  00FEDD
__end_of_Continous_Transmission_Length    text97       018DF8
__end_of_Cursor_Position                  text6        016896
__end_of_Cursor_delete                    text122      019B8A
__end_of_Cursor_drawing                   text114      019912
__end_of_Data_Write                       text124      01A698
__end_of_Display_Character                text123      019DC6
__end_of_Display_Message                  text117      019D5A
__end_of_Error_Check                      text80       018F98
__end_of_Error_Settings                   text96       0188EC
__end_of_Error_select_range               text95       019802
__end_of_ExCvt                            mediumconst  00FE38
__end_of_GLCD_Clear                       text116      019B10
__end_of_GLCD_Initialise                  text125      01A138
__end_of_Logging_Check                    text16       01A322
__end_of_Maximum_Error_Select             text94       018D22
__end_of_Menu                             text5        019658
__end_of_Menu_Logic                       text8        013CBE
__end_of_Minimum_Error_Select             text93       018C4C
__end_of_Number_Select                    text100      015A44
__end_of_Number_Update                    text101      016E22
__end_of_OSCILLATOR_Initialize            text4        01A706
__end_of_PIN_MANAGER_Initialize           text3        019352
__end_of_SDFAST_open                      text74       01A7BA
__end_of_SDSLOW_open                      text75       01A7C2
__end_of_SD_SPI_AsyncReadTasks            text68       015322
__end_of_SD_SPI_AsyncWriteTasks           text64       012C12
__end_of_SD_SPI_DelayMilliseconds         text58       01A026
__end_of_SD_SPI_IsMediaInitialized        text54       01A71E
[...]
Total ram usage:        6 bytes
 Hardware stack levels used:    1
 Hardware stack levels required when called:    1
 This function calls:
		_Data_Write
 This function is called by:
		_Display_Message
		_Error_Check
		_UART_Message
		_Transmission_Settings
		_Cursor_drawing
		_Cursor_delete
 This function uses a non-reentrant model


 *************** function _Data_Write *****************
 Defined at:
		line 156 in file "Display.c"
 Parameters:    Size  Location     Type
  dat             1    wreg     unsigned char 
 Auto vars:     Size  Location     Type
  dat             1    0[COMRAM] unsigned char 
 Return value:  Size  Location     Type
                  1    wreg      void 
 Registers used:
		wreg
 Tracked objects:
		On entry : 
		On exit  : 
		Unchanged: 
 Data sizes:     COMRAM   BANK0   BANK1   BANK2   BANK3   BANK4   BANK5   BANK6   BANK7   BANK8   BANK9  BANK10  BANK11  BANK12  BANK13  BANK14  BANK15  BANK16  BANK17  BANK18  BANK19  BANK20  BANK21  BANK22  BANK23  BANK24  BANK25  BANK26  BANK27  BANK28  BANK29  BANK30  BANK31
      Params:         0       0       0       0       0       0       0       0       0       0       0       0       0       0       0       0       0       0       0       0       0       0       0       0       0       0       0       0       0       0       0       0       0
      Locals:         1       0       0       0       0       0       0       0       0       0       0       0       0       0       0       0       0       0       0       0       0       0       0       0       0       0       0       0       0       0       0       0       0
      Temps:          0       0       0       0       0       0       0       0       0       0       0       0       0       0       0       0       0       0       0       0       0       0       0       0       0       0       0       0       0       0       0       0       0
      Totals:         1       0       0       0       0       0       0       0       0       0       0       0       0       0       0       0       0       0       0       0       0       0       0       0       0       0       0       0       0       0       0       0       0
Total ram usage:        1 bytes
 Hardware stack levels used:    1
 This function calls:
		Nothing
 This function is called by:
		_Display_Character
		_GLCD_Clear
 This function uses a non-reentrant model


 *************** function _GLCD_Initialise *****************
 Defined at:
		line 111 in file "Display.c"
 Parameters:    Size  Location     Type
		None
 Auto vars:     Size  Location     Type
		None
 Return value:  Size  Location     Type
                  1    wreg      void 
 Registers used:
		wreg, status,2, status,0, cstack
 Tracked objects:
		On entry : 
		On exit  : 
		Unchanged: 
 Data sizes:     COMRAM   BANK0   BANK1   BANK2   BANK3   BANK4   BANK5   BANK6   BANK7   BANK8   BANK9  BANK10  BANK11  BANK12  BANK13  BANK14  BANK15  BANK16  BANK17  BANK18  BANK19  BANK20  BANK21  BANK22  BANK23  BANK24  BANK25  BANK26  BANK27  BANK28  BANK29  BANK30  BANK31
      Params:         0       0       0       0       0       0       0       0       0       0       0       0       0       0       0       0       0       0       0       0       0       0       0       0       0       0       0       0       0       0       0       0       0
      Locals:         0       0       0       0       0       0       0       0       0       0       0       0       0       0       0       0       0       0       0       0       0       0       0       0       0       0       0       0       0       0       0       0       0
      Temps:          0       0       0       0       0       0       0       0       0       0       0       0       0       0       0       0       0       0       0       0       0       0       0       0       0       0       0       0       0       0       0       0       0
      Totals:         0       0       0       0       0       0       0       0       0       0       0       0       0       0       0       0       0       0       0       0       0       0       0       0       0       0       0       0       0       0       0       0       0
Total ram usage:        0 bytes
 Hardware stack levels used:    1
 Hardware stack levels required when called:    1
 This function calls:
		_Command_Write
		_Select_Page
 This function is called by:
		_main
 This function uses a non-reentrant model


 *************** function _Select_Page *****************
 Defined at:
		line 128 in file "Display.c"
 Parameters:    Size  Location     Type
  select          2    0[COMRAM] int 
 Auto vars:     Size  Location     Type
		None
 Return value:  Size  Location     Type
                  1    wreg      void 
 Registers used:
		wreg, status,2, status,0
 Tracked objects:
		On entry : 
		On exit  : 
		Unchanged: 
 Data sizes:     COMRAM   BANK0   BANK1   BANK2   BANK3   BANK4   BANK5   BANK6   BANK7   BANK8   BANK9  BANK10  BANK11  BANK12  BANK13  BANK14  BANK15  BANK16  BANK17  BANK18  BANK19  BANK20  BANK21  BANK22  BANK23  BANK24  BANK25  BANK26  BANK27  BANK28  BANK29  BANK30  BANK31
      Params:         2       0       0       0       0       0       0       0       0       0       0       0       0       0       0       0       0       0       0       0       0       0       0       0       0       0       0       0       0       0       0       0       0
      Locals:         0       0       0       0       0       0       0       0       0       0       0       0       0       0       0       0       0       0       0       0       0       0       0       0       0       0       0       0       0       0       0       0       0
      Temps:          0       0       0       0       0       0       0       0       0       0       0       0       0       0       0       0       0       0       0       0       0       0       0       0       0       0       0       0       0       0       0       0       0
      Totals:         2       0       0       0       0       0       0       0       0       0       0       0       0       0       0       0       0       0       0       0       0       0       0       0       0       0       0       0       0       0       0       0       0
Total ram usage:        2 bytes
 Hardware stack levels used:    1
 This function calls:
		Nothing
 This function is called by:
		_GLCD_Initialise
		_GLCD_Clear
		_Menu
		_Settings_Menu
		_UART_Page
		_UART_Print
		_UART_Settings
		_Baud_Rate_Settings
		_Toggle_Select
		_Number_Update
		_Baud_rate_Change
		_Maximum_Error_Select
		_Minimum_Error_Select
		_Error_select_range
		_Error_Settings
		_Continous_Transmission_Length
		_Transmission_Settings
		_Auto_Boud
		_Cursor_drawing
		_Cursor_delete
		_Error_Message
 This function uses a non-reentrant model


 *************** function _Command_Write *****************
 Defined at:
		line 144 in file "Display.c"
 Parameters:    Size  Location     Type
  cmd             1    wreg     unsigned char 
 Auto vars:     Size  Location     Type
  cmd             1    0[COMRAM] unsigned char 
 Return value:  Size  Location     Type
                  1    wreg      void 
 Registers used:
		wreg
 Tracked objects:
		On entry : 
		On exit  : 
		Unchanged: 
 Data sizes:     COMRAM   BANK0   BANK1   BANK2   BANK3   BANK4   BANK5   BANK6   BANK7   BANK8   BANK9  BANK10  BANK11  BANK12  BANK13  BANK14  BANK15  BANK16  BANK17  BANK18  BANK19  BANK20  BANK21  BANK22  BANK23  BANK24  BANK25  BANK26  BANK27  BANK28  BANK29  BANK30  BANK31
      Params:         0       0       0       0       0       0       0       0       0       0       0       0       0       0       0       0       0       0       0       0       0       0       0       0       0       0       0       0       0       0       0       0       0
      Locals:         1       0       0       0       0       0       0       0       0       0       0       0       0       0       0       0       0       0       0       0       0       0       0       0       0       0       0       0       0       0       0       0       0
      Temps:          0       0       0       0       0       0       0       0       0       0       0       0       0       0       0       0       0       0       0       0       0       0       0       0       0       0       0       0       0       0       0       0       0
      Totals:         1       0       0       0       0       0       0       0       0       0       0       0       0       0       0       0       0       0       0       0       0       0       0       0       0       0       0       0       0       0       0       0       0
Total ram usage:        1 bytes
 Hardware stack levels used:    1
 This function calls:
		Nothing
 This function is called by:
		_GLCD_Initialise
		_GLCD_Clear
		_Menu
		_Settings_Menu
		_UART_Line
		_UART_Cursor
		_UART_Clear_Line
		_UART_Print
		_UART_Settings
		_Baud_Rate_Settings
		_Toggle_Select
		_Number_Update
		_Baud_rate_Change
		_Maximum_Error_Select
		_Minimum_Error_Select
		_Error_select_range
		_Error_Settings
		_Continous_Transmission_Length
		_Transmission_Settings
		_Auto_Boud
		_Cursor_drawing
		_Cursor_delete
		_Error_Message
 This function uses a non-reentrant model



MODULE INFORMATION

Module		Function		Class		Link	Load	Size
UART.c
		_UART1_Initialize		CODE           	1A3B2	0000	72
		_UART1_Read    		CODE           	1A71E	0000	22

UART.c estimated size: 94

C:\Program Files\Microchip\xc8\v2.31\pic\sources\c99\common\isdigit.c
		_isdigit       		CODE           	1A532	0000	56

C:\Program Files\Microchip\xc8\v2.31\pic\sources\c99\common\isdigit.c estimated size: 56

mcc_generated_files/fatfs/ff.c
		_clst2sect     		CODE           	189C6	0000	216
		_mem_cpy       		CODE           	19F62	0000	98
		_find_volume   		CODE           	10000	0000	3406
		_dir_clear     		CODE           	17A22	0000	344
		_ld_dword      		CODE           	191EC	0000	188
		_remove_chain  		CODE           	15FE2	0000	570
		_f_mount       		CODE           	18488	0000	232
		_get_fat       		CODE           	14A70	0000	1116
		_st_word       		CODE           	1A56A	0000	52
		_get_ldnumber  		CODE           	17478	0000	376
		_st_clust      		CODE           	1A288	0000	80
		_create_name   		CODE           	13CBE	0000	1208
		_chk_chr       		CODE           	19B8A	0000	118
		_create_chain  		CODE           	12C12	0000	1488
		_dbc_1st       		CODE           	1A7A8	0000	10
		_validate      		CODE           	1806C	0000	294
		_check_fs      		CODE           	178C2	0000	352
		_f_sync        		CODE           	1621C	0000	554
		_st_dword      		CODE           	19996	0000	132
		_f_write       		CODE           	10D4E	0000	2110
		_mem_set       		CODE           	1A4FA	0000	56
		_dir_alloc     		CODE           	175F0	0000	366
		_put_fat       		CODE           	131E2	0000	1392
		_sync_fs       		CODE           	16446	0000	554
		_dir_next      		CODE           	14602	0000	1134
		_sync_window   		CODE           	16AAA	0000	454
		_dir_register  		CODE           	1829E	0000	250
		_ld_word       		CODE           	1A4BE	0000	60
		_dir_find      		CODE           	16E22	0000	416
		_f_open        		CODE           	1158C	0000	2090
		_mem_cmp       		CODE           	19532	0000	148
		_f_close       		CODE           	1A026	0000	94
		_dir_sdi       		CODE           	15322	0000	994
		_follow_path   		CODE           	15D28	0000	698
		_dbc_2nd       		CODE           	1A79E	0000	10
		_ld_clust      		CODE           	19912	0000	132
		_move_window   		CODE           	18DF8	0000	212

mcc_generated_files/fatfs/ff.c estimated size: 22004

C:\Program Files\Microchip\xc8\v2.31\pic\sources\c99\common\Umul32.c
		___lmul        		CODE           	19DC6	0000	106

C:\Program Files\Microchip\xc8\v2.31\pic\sources\c99\common\Umul32.c estimated size: 106

C:\Program Files\Microchip\xc8\v2.31\pic\sources\c99\common\putch.c
		_putch         		CODE           	1A7D0	0000	2

C:\Program Files\Microchip\xc8\v2.31\pic\sources\c99\common\putch.c estimated size: 2

C:\Program Files\Microchip\xc8\v2.31\pic\sources\c99\common\nf_fputs.c
		_fputs         		CODE           	1A3FA	0000	68

C:\Program Files\Microchip\xc8\v2.31\pic\sources\c99\common\nf_fputs.c estimated size: 68

C:\Program Files\Microchip\xc8\v2.31\pic\sources\c99\common\aomod.c
		___aomod       		CODE           	1775E	0000	356

C:\Program Files\Microchip\xc8\v2.31\pic\sources\c99\common\aomod.c estimated size: 356

C:\Program Files\Microchip\xc8\v2.31\pic\sources\c99\common\atoi.c
		_atoi          		CODE           	16FC2	0000	414

C:\Program Files\Microchip\xc8\v2.31\pic\sources\c99\common\atoi.c estimated size: 414

C:\Program Files\Microchip\xc8\v2.31\pic\sources\c99\common\abs.c
		_abs           		CODE           	1A43E	0000	64

C:\Program Files\Microchip\xc8\v2.31\pic\sources\c99\common\abs.c estimated size: 64

C:\Program Files\Microchip\xc8\v2.31\pic\sources\c99\common\strlen.c
		_strlen        		CODE           	1A138	0000	88

C:\Program Files\Microchip\xc8\v2.31\pic\sources\c99\common\strlen.c estimated size: 88

mcc_generated_files/pin_manager.c
		_PIN_MANAGER_Initialize		CODE           	192A8	0000	170

mcc_generated_files/pin_manager.c estimated size: 170

C:\Program Files\Microchip\xc8\v2.31\pic\sources\c99\common\strcpy.c
		_strcpy        		CODE           	1A36A	0000	72

C:\Program Files\Microchip\xc8\v2.31\pic\sources\c99\common\strcpy.c estimated size: 72

C:\Program Files\Microchip\xc8\v2.31\pic\sources\c99\common\memset.c
		_memset        		CODE           	17160	0000	400

C:\Program Files\Microchip\xc8\v2.31\pic\sources\c99\common\memset.c estimated size: 400

mcc_generated_files/spi1.c
		_SPI1_ExchangeBlock		CODE           	19EFE	0000	100
		_SPI1_Open     		CODE           	18570	0000	232
		_SPI1_Initialize		CODE           	1A6BA	0000	26
		_SPI1_Close    		CODE           	1A7C2	0000	6
		_SPI1_ExchangeByte		CODE           	1A652	0000	36

mcc_generated_files/spi1.c estimated size: 400

mcc_generated_files/fatfs/diskio.c
		_disk_initialize		CODE           	1A190	0000	84
		_disk_write    		CODE           	19C00	0000	116
		_disk_status   		CODE           	19A1A	0000	124
		_disk_ioctl    		CODE           	1A59E	0000	50
		_disk_read     		CODE           	19C74	0000	116

mcc_generated_files/fatfs/diskio.c estimated size: 490

C:\Program Files\Microchip\xc8\v2.31\pic\sources\c99\common\aodiv.c
		___aodiv       		CODE           	172F0	0000	392

C:\Program Files\Microchip\xc8\v2.31\pic\sources\c99\common\aodiv.c estimated size: 392

mcc_generated_files/drivers/spi_master.c
		_SDSLOW_open   		CODE           	1A7BA	0000	8
		_SDFAST_open   		CODE           	1A7B2	0000	8

mcc_generated_files/drivers/spi_master.c estimated size: 16

C:\Program Files\Microchip\xc8\v2.31\pic\sources\c99\common\nf_fputc.c
		_fputc         		CODE           	18A9E	0000	216

C:\Program Files\Microchip\xc8\v2.31\pic\sources\c99\common\nf_fputc.c estimated size: 216

shared
		_ExCvt         		MEDIUMCONST    	FDB8	0000	128
		__initialization		CODE           	1A322	0000	66
		_Command_map   		MEDIUMCONST    	FED3	0000	10
		_sdmmc_cmdtable		MEDIUMCONST    	FE38	0000	80
		_Character_map 		MEDIUMCONST    	FBDD	0000	475
		_spiMaster     		MEDIUMCONST    	FE88	0000	60
		_spi1_configuration		MEDIUMCONST    	FEC4	0000	15

shared estimated size: 834

Display.c
		_Display_Character		CODE           	19D5A	0000	108
		_Display_Message		CODE           	19CE8	0000	114
		_Command_Write 		CODE           	1A698	0000	34
		_Select_Page   		CODE           	1A47E	0000	64
		_GLCD_Initialise		CODE           	1A0DE	0000	90
		_GLCD_Clear    		CODE           	19A96	0000	122
		_Data_Write    		CODE           	1A676	0000	34

Display.c estimated size: 566

mcc_generated_files/mcc.c
		_OSCILLATOR_Initialize		CODE           	1A6EE	0000	24
		_SYSTEM_Initialize		CODE           	1A790	0000	14

mcc_generated_files/mcc.c estimated size: 38

C:\Program Files\Microchip\xc8\v2.31\pic\sources\c99\common\doprnt.c
		_vfpfcnvrt     		CODE           	16896	0000	532
		_pad           		CODE           	19126	0000	198
		_dtoa          		CODE           	15A44	0000	740
		_vfprintf      		CODE           	19E30	0000	106

C:\Program Files\Microchip\xc8\v2.31\pic\sources\c99\common\doprnt.c estimated size: 1576

C:\Program Files\Microchip\xc8\v2.31\pic\sources\c99\common\memcpy.c
		_memcpy        		CODE           	1A084	0000	90

C:\Program Files\Microchip\xc8\v2.31\pic\sources\c99\common\memcpy.c estimated size: 90

C:\Program Files\Microchip\xc8\v2.31\pic\sources\c99\common\nf_sprintf.c
		_sprintf       		CODE           	1A236	0000	82

C:\Program Files\Microchip\xc8\v2.31\pic\sources\c99\common\nf_sprintf.c estimated size: 82

C:\Program Files\Microchip\xc8\v2.31\pic\sources\c99\common\aldiv.c
		___aldiv       		CODE           	18192	0000	268

C:\Program Files\Microchip\xc8\v2.31\pic\sources\c99\common\aldiv.c estimated size: 268

C:\Program Files\Microchip\xc8\v2.31\pic\sources\c99\common\isspace.c
		_isspace       		CODE           	1A1E4	0000	82

C:\Program Files\Microchip\xc8\v2.31\pic\sources\c99\common\isspace.c estimated size: 82

C:\Program Files\Microchip\xc8\v2.31\pic\sources\c99\common\Umul16.c
		___wmul        		CODE           	1A602	0000	42

C:\Program Files\Microchip\xc8\v2.31\pic\sources\c99\common\Umul16.c estimated size: 42

main.c
		_Cursor_drawing		CODE           	1988A	0000	136
		_UART_Cursor   		CODE           	1A780	0000	16
		_Error_Check   		CODE           	18ECC	0000	204
		_Auto_Boud     		CODE           	18658	0000	222
		_UART_Command_Mapper		CODE           	18F98	0000	200
		_Save_Data     		CODE           	18398	0000	240
		_main          		CODE           	1A748	0000	20
		_Continous_Transmission_Length		CODE           	18D22	0000	214
		_Cursor_Position		CODE           	16670	0000	550
		_UART_Clear_Line		CODE           	1A62C	0000	38
		_Error_Settings		CODE           	18812	0000	218
		_UART_Print    		CODE           	19060	0000	198
		_Logging_Check 		CODE           	1A2D8	0000	74
		_UART_Check_Comm_Start		CODE           	1A5D0	0000	50
		_Toggle_Select 		CODE           	18736	0000	220
		_UART_Check_Command		CODE           	19E9A	0000	100
		_Minimum_Error_Select		CODE           	18B76	0000	214
		_UART_Message  		CODE           	19802	0000	136
		_Baud_Rate_Settings		CODE           	188EC	0000	218
		_Error_select_range		CODE           	19774	0000	142
		_Transmission_Settings		CODE           	17B7A	0000	330
		_Number_Update 		CODE           	16C70	0000	434
		_Number_Select 		CODE           	15704	0000	832
		_UART_Settings 		CODE           	19658	0000	142
		_Menu_Logic    		CODE           	13752	0000	1388
		_UART_Page     		CODE           	1A6D4	0000	26
		_Maximum_Error_Select		CODE           	18C4C	0000	214
		_Auto_Boud_Setup		CODE           	19352	0000	166
		_UART_Start    		CODE           	1949C	0000	150
		_UART_Line     		CODE           	1A770	0000	16
		_Menu          		CODE           	195C6	0000	146
		_UART_Message_Lenght		CODE           	1A75C	0000	20
		_Baud_rate_Change		CODE           	17CC4	0000	328
		_Cursor_delete 		CODE           	19B10	0000	122
		_Settings_Menu 		CODE           	196E6	0000	142

main.c estimated size: 7866

mcc_generated_files/sd_spi/sd_spi.c
		_SD_SPI_IsWriteProtected		CODE           	1A7C8	0000	4
		_SD_SPI_IsMediaInitialized		CODE           	1A706	0000	24
		_SD_SPI_DelayMilliseconds		CODE           	19FC4	0000	98
		_SD_SPI_IsMediaPresent		CODE           	1A7CC	0000	4
		_SD_SPI_SectorWrite		CODE           	17E0C	0000	304
		_SD_SPI_MediaInitialize		CODE           	11DB6	0000	1982
		_SD_SendCmd    		CODE           	14176	0000	1164
		_SD_SPI_AsyncReadTasks		CODE           	14ECC	0000	1110
		_SD_SPI_AsyncWriteTasks		CODE           	12574	0000	1694
		_SD_SPI_SectorRead		CODE           	17F3C	0000	304

mcc_generated_files/sd_spi/sd_spi.c estimated size: 6688

C:\Program Files\Microchip\xc8\v2.31\pic\sources\c99\common\__lldiv.c
		___lldiv       		CODE           	193F8	0000	164

C:\Program Files\Microchip\xc8\v2.31\pic\sources\c99\common\__lldiv.c estimated size: 164

